mysql> use sse;
Database changed
mysql>  create table student(studid int(10),studname varchar(10),gender varchar(10),studdept varchar(10),city varchar(10));
Query OK, 0 rows affected (0.01 sec)

mysql> desc student;
+----------+-------------+------+-----+---------+-------+
| Field    | Type        | Null | Key | Default | Extra |
+----------+-------------+------+-----+---------+-------+
| studid   | int(10)     | YES  |     | NULL    |       |
| studname | varchar(10) | YES  |     | NULL    |       |
| gender   | varchar(10) | YES  |     | NULL    |       |
| studdept | varchar(10) | YES  |     | NULL    |       |
| city     | varchar(10) | YES  |     | NULL    |       |
+----------+-------------+------+-----+---------+-------+
5 rows in set (0.02 sec)

mysql> insert into student values(1,"Ragini","female","cse","kadapa");
Query OK, 1 row affected (0.05 sec)

mysql> insert into values(2,"Radha","female","cse","kurnool");
ERROR 1064 (42000): You have an error in your SQL syntax; check the manual that corresponds to your MySQL server version for the right syntax to use near 'values(2,"Radha","female","cse","kurnool")' at line 1
mysql> insert into student values(2,"Radha","female","cse","kurnool");
Query OK, 1 row affected (0.03 sec)

mysql> insert into student value(3,"Preethi","female","cse","produtur");
Query OK, 1 row affected (0.00 sec)

mysql> insert into student values(4,"Nani","male","bipc","khajipet");
Query OK, 1 row affected (0.00 sec)

mysql> use sse;
Database changed
mysql> show tables;
+---------------+
| Tables_in_sse |
+---------------+
| faculty       |
| faculty1      |
| student       |
+---------------+
3 rows in set (0.00 sec)

mysql> desc employee;
ERROR 1146 (42S02): Table 'sse.employee' doesn't exist
mysql> desc faculty;
+---------+-------------+------+-----+---------+-------+
| Field   | Type        | Null | Key | Default | Extra |
+---------+-------------+------+-----+---------+-------+
| Facid   | int(20)     | YES  |     | NULL    |       |
| Facname | varchar(20) | YES  |     | NULL    |       |
| Facdept | varchar(10) | YES  |     | NULL    |       |
| salary  | int(20)     | YES  |     | NULL    |       |
+---------+-------------+------+-----+---------+-------+
4 rows in set (0.00 sec)

mysql> create table studentdept1( studid int(10),studname varchar(10),studdept varchar(10));
Query OK, 0 rows affected (0.02 sec)

mysql> desc studentdept1;
+----------+-------------+------+-----+---------+-------+
| Field    | Type        | Null | Key | Default | Extra |
+----------+-------------+------+-----+---------+-------+
| studid   | int(10)     | YES  |     | NULL    |       |
| studname | varchar(10) | YES  |     | NULL    |       |
| studdept | varchar(10) | YES  |     | NULL    |       |
+----------+-------------+------+-----+---------+-------+
3 rows in set (0.00 sec)
